// Vitest Snapshot v1, https://vitest.dev/guide/snapshot.html

exports[`Contract creation > should trace contract creation and factory state changes 1`] = `
{
  "0x0000000000000000000000000000000000000000": {
    "balance": {
      "current": 1000000000000000000000n,
      "modified": false,
    },
    "code": {
      "current": "0x",
      "modified": false,
    },
    "nonce": {
      "current": 0,
      "modified": false,
    },
    "storage": {},
  },
  "0x0000000000000000000000000000000000000001": {
    "balance": {
      "current": 10000000000000000000n,
      "modified": true,
      "next": 9999999999998730585n,
    },
    "code": {
      "current": "0x",
      "modified": false,
    },
    "nonce": {
      "current": 0,
      "modified": true,
      "next": 1,
    },
    "storage": {},
  },
  "0x466163746f727900000000000000000000000000": {
    "balance": {
      "current": 0n,
      "modified": false,
    },
    "code": {
      "current": "0x608060405234801561000f575f5ffd5b5060043610610034575f3560e01c80639db8d7d514610038578063b32d4d4514610068575b5f5ffd5b610052600480360381019061004d919061022a565b610086565b60405161005f9190610294565b60405180910390f35b610070610169565b60405161007d9190610364565b60405180910390f35b5f5f826040516020016100999190610393565b60405160208183030381529060405290505f6040518061020001604052806101c781526020016104226101c79139826040516020016100d99291906103fe565b60405160208183030381529060405290505f8151602083015ff09050803b6100ff575f5ffd5b5f81908060018154018082558091505060019003905f5260205f20015f9091909190916101000a81548173ffffffffffffffffffffffffffffffffffffffff021916908373ffffffffffffffffffffffffffffffffffffffff160217905550809350505050919050565b60605f8054806020026020016040519081016040528092919081815260200182805480156101e957602002820191905f5260205f20905b815f9054906101000a900473ffffffffffffffffffffffffffffffffffffffff1673ffffffffffffffffffffffffffffffffffffffff16815260200190600101908083116101a0575b5050505050905090565b5f5ffd5b5f819050919050565b610209816101f7565b8114610213575f5ffd5b50565b5f8135905061022481610200565b92915050565b5f6020828403121561023f5761023e6101f3565b5b5f61024c84828501610216565b91505092915050565b5f73ffffffffffffffffffffffffffffffffffffffff82169050919050565b5f61027e82610255565b9050919050565b61028e81610274565b82525050565b5f6020820190506102a75f830184610285565b92915050565b5f81519050919050565b5f82825260208201905092915050565b5f819050602082019050919050565b6102df81610274565b82525050565b5f6102f083836102d6565b60208301905092915050565b5f602082019050919050565b5f610312826102ad565b61031c81856102b7565b9350610327836102c7565b805f5b8381101561035757815161033e88826102e5565b9750610349836102fc565b92505060018101905061032a565b5085935050505092915050565b5f6020820190508181035f83015261037c8184610308565b905092915050565b61038d816101f7565b82525050565b5f6020820190506103a65f830184610384565b92915050565b5f81519050919050565b5f81905092915050565b8281835e5f83830152505050565b5f6103d8826103ac565b6103e281856103b6565b93506103f28185602086016103c0565b80840191505092915050565b5f61040982856103ce565b915061041582846103ce565b9150819050939250505056fe6080604052348015600e575f5ffd5b506040516101c73803806101c78339818101604052810190602e9190606b565b805f81905550506091565b5f5ffd5b5f819050919050565b604d81603d565b81146056575f5ffd5b50565b5f815190506065816046565b92915050565b5f60208284031215607d57607c6039565b5b5f6088848285016059565b91505092915050565b6101298061009e5f395ff3fe6080604052348015600e575f5ffd5b50600436106030575f3560e01c8063209652551460345780635524107714604e575b5f5ffd5b603a6066565b60405160459190608d565b60405180910390f35b606460048036038101906060919060cd565b606e565b005b5f5f54905090565b805f8190555050565b5f819050919050565b6087816077565b82525050565b5f602082019050609e5f8301846080565b92915050565b5f5ffd5b60af816077565b811460b8575f5ffd5b50565b5f8135905060c78160a8565b92915050565b5f6020828403121560df5760de60a4565b5b5f60ea8482850160bb565b9150509291505056fea2646970667358221220587a82a5cd5d6ac106b4cd4612863e3e1d4be092d681218aa1abd6b9104a77bb64736f6c634300081c00330000000000000000000000000000000000000000000000000000000000000000000000000000000000000000000000000000000000",
      "modified": false,
    },
    "nonce": {
      "current": 0,
      "modified": true,
      "next": 1,
    },
    "storage": {
      "createdContracts": {
        "kind": "dynamic_array",
        "name": "createdContracts",
        "trace": [
          {
            "current": {
              "decoded": 0n,
              "hex": "0x00",
            },
            "fullExpression": "createdContracts._length",
            "modified": true,
            "next": {
              "decoded": 1n,
              "hex": "0x01",
            },
            "path": [
              {
                "kind": "array_length",
                "name": "_length",
              },
            ],
            "slots": [
              "0x0000000000000000000000000000000000000000000000000000000000000000",
            ],
          },
          {
            "current": {
              "decoded": "0x0000000000000000000000000000000000000000",
              "hex": "0x00",
            },
            "fullExpression": "createdContracts[0]",
            "modified": true,
            "next": {
              "decoded": "0x89b0d1b5E6b53A1bA16cF7b6Ad34292943671EaE",
              "hex": "0x89b0d1b5e6b53a1ba16cf7b6ad34292943671eae",
            },
            "path": [
              {
                "index": 0n,
                "kind": "array_index",
              },
            ],
            "slots": [
              "0x290decd9548b62a8d60345a988386fc84ba6bc95484008f6362f93160ef3e563",
            ],
          },
        ],
        "type": "address[]",
      },
    },
  },
  "0x89b0d1b5e6b53a1ba16cf7b6ad34292943671eae": {
    "storage": {
      "slot_0x0000000000000000000000000000000000000000000000000000000000000000": {
        "name": "slot_0x0000000000000000000000000000000000000000000000000000000000000000",
        "trace": [
          {
            "fullExpression": "slot_0x0000000000000000000000000000000000000000000000000000000000000000",
            "modified": false,
            "next": {
              "hex": "0x7b",
            },
            "note": "Could not label this slot access because no layout was found.",
            "path": [],
            "slots": [
              "0x0000000000000000000000000000000000000000000000000000000000000000",
            ],
          },
        ],
      },
    },
  },
}
`;

exports[`Contract creation > should trace interactions with a created contract 1`] = `
{
  "0x0000000000000000000000000000000000000000": {
    "balance": {
      "current": 1000000000000000000000n,
      "modified": false,
    },
    "code": {
      "current": "0x",
      "modified": false,
    },
    "nonce": {
      "current": 0,
      "modified": false,
    },
    "storage": {},
  },
  "0x0000000000000000000000000000000000000001": {
    "balance": {
      "current": 9999999999998730585n,
      "modified": true,
      "next": 9999999999998544175n,
    },
    "code": {
      "current": "0x",
      "modified": false,
    },
    "nonce": {
      "current": 1,
      "modified": true,
      "next": 2,
    },
    "storage": {},
  },
  "0x89b0d1b5e6b53a1ba16cf7b6ad34292943671eae": {
    "balance": {
      "current": 0n,
      "modified": false,
    },
    "code": {
      "current": "0x6080604052348015600e575f5ffd5b50600436106030575f3560e01c8063209652551460345780635524107714604e575b5f5ffd5b603a6066565b60405160459190608d565b60405180910390f35b606460048036038101906060919060cd565b606e565b005b5f5f54905090565b805f8190555050565b5f819050919050565b6087816077565b82525050565b5f602082019050609e5f8301846080565b92915050565b5f5ffd5b60af816077565b811460b8575f5ffd5b50565b5f8135905060c78160a8565b92915050565b5f6020828403121560df5760de60a4565b5b5f60ea8482850160bb565b9150509291505056fe0000000000000000000000000000000000000000000000000000000000000000000000000000000000000000000000000000000000",
      "modified": false,
    },
    "nonce": {
      "current": 1,
      "modified": false,
    },
    "storage": {
      "slot_0x0000000000000000000000000000000000000000000000000000000000000000": {
        "name": "slot_0x0000000000000000000000000000000000000000000000000000000000000000",
        "trace": [
          {
            "current": {
              "hex": "0x7b",
            },
            "fullExpression": "slot_0x0000000000000000000000000000000000000000000000000000000000000000",
            "modified": true,
            "next": {
              "hex": "0x01c8",
            },
            "note": "Could not label this slot access because no layout was found.",
            "path": [],
            "slots": [
              "0x0000000000000000000000000000000000000000000000000000000000000000",
            ],
          },
        ],
      },
    },
  },
}
`;

exports[`Contract creation > should trace interactions with a created contract 2`] = `
{
  "0x0000000000000000000000000000000000000000": {
    "balance": {
      "current": 1000000000000000000000n,
      "modified": false,
    },
    "code": {
      "current": "0x",
      "modified": false,
    },
    "nonce": {
      "current": 0,
      "modified": false,
    },
    "storage": {},
  },
  "0x0000000000000000000000000000000000000001": {
    "balance": {
      "current": 9999999999998730585n,
      "modified": true,
      "next": 9999999999998566274n,
    },
    "code": {
      "current": "0x",
      "modified": false,
    },
    "nonce": {
      "current": 1,
      "modified": true,
      "next": 2,
    },
    "storage": {},
  },
  "0x89b0d1b5e6b53a1ba16cf7b6ad34292943671eae": {
    "balance": {
      "current": 0n,
      "modified": false,
    },
    "code": {
      "current": "0x6080604052348015600e575f5ffd5b50600436106030575f3560e01c8063209652551460345780635524107714604e575b5f5ffd5b603a6066565b60405160459190608d565b60405180910390f35b606460048036038101906060919060cd565b606e565b005b5f5f54905090565b805f8190555050565b5f819050919050565b6087816077565b82525050565b5f602082019050609e5f8301846080565b92915050565b5f5ffd5b60af816077565b811460b8575f5ffd5b50565b5f8135905060c78160a8565b92915050565b5f6020828403121560df5760de60a4565b5b5f60ea8482850160bb565b9150509291505056fe0000000000000000000000000000000000000000000000000000000000000000000000000000000000000000000000000000000000",
      "modified": false,
    },
    "nonce": {
      "current": 1,
      "modified": false,
    },
    "storage": {
      "slot_0x0000000000000000000000000000000000000000000000000000000000000000": {
        "name": "slot_0x0000000000000000000000000000000000000000000000000000000000000000",
        "trace": [
          {
            "current": {
              "hex": "0x7b",
            },
            "fullExpression": "slot_0x0000000000000000000000000000000000000000000000000000000000000000",
            "modified": false,
            "note": "Could not label this slot access because no layout was found.",
            "path": [],
            "slots": [
              "0x0000000000000000000000000000000000000000000000000000000000000000",
            ],
          },
        ],
      },
    },
  },
}
`;
