// Vitest Snapshot v1, https://vitest.dev/guide/snapshot.html

exports[`React > should correctly trace storage access via hook 1`] = `{}`;
