// Vitest Snapshot v1, https://vitest.dev/guide/snapshot.html

exports[`Watching a contract > should be able to watch a contract for state changes 1`] = `
[
  {
    "balance": {
      "current": 0n,
      "modified": false,
    },
    "code": {
      "current": "0x608060405234801561000f575f5ffd5b50600436106100a7575f3560e01c80634baa58331161006f5780634baa58331461013e57806361d4b2671461015a578063822d530f1461017a578063e5008f5a14610196578063f0827988146101b2578063fcfe64a3146101ce576100a7565b8063138b2a8a146100ab5780632c60e58a146100c757806334a062fe146100e35780633bc5de301461010457806341657ee614610122575b5f5ffd5b6100c560048036038101906100c091906104ab565b6101ec565b005b6100e160048036038101906100dc919061059b565b61020b565b005b6100eb61029d565b6040516100fb949392919061062c565b60405180910390f35b61010c6102fd565b6040516101199190610687565b60405180910390f35b61013c600480360381019061013791906106ca565b610306565b005b61015860048036038101906101539190610761565b610310565b005b61016261038e565b60405161017193929190610818565b60405180910390f35b610194600480360381019061018f919061084d565b6103d6565b005b6101b060048036038101906101ab9190610878565b6103e0565b005b6101cc60048036038101906101c791906108cd565b6103fc565b005b6101d6610467565b6040516101e3919061092c565b60405180910390f35b8060035f6101000a81548161ffff021916908361ffff16021790555050565b835f5f6101000a81548160ff021916908360ff160217905550825f60016101000a81548160ff021916908360ff160217905550815f60026101000a81548160ff021916908315150217905550805f60036101000a81548173ffffffffffffffffffffffffffffffffffffffff021916908373ffffffffffffffffffffffffffffffffffffffff16021790555050505050565b5f5f5f5f5f5f9054906101000a900460ff165f60019054906101000a900460ff165f60029054906101000a900460ff165f60039054906101000a900473ffffffffffffffffffffffffffffffffffffffff16935093509350935090919293565b5f600254905090565b8060028190555050565b845f5f6101000a81548160ff021916908360ff160217905550835f60016101000a81548160ff021916908360ff1602179055508260035f6101000a81548161ffff021916908361ffff16021790555081600360026101000a81548163ffffffff021916908363ffffffff160217905550806001819055505050505050565b5f5f5f60035f9054906101000a900461ffff16600360029054906101000a900463ffffffff16600360069054906101000a900467ffffffffffffffff16925092509250909192565b8060018190555050565b805f5f6101000a81548160ff021916908360ff16021790555050565b8260035f6101000a81548161ffff021916908361ffff16021790555081600360026101000a81548163ffffffff021916908363ffffffff16021790555080600360066101000a81548167ffffffffffffffff021916908367ffffffffffffffff160217905550505050565b5f600154905090565b5f5ffd5b5f61ffff82169050919050565b61048a81610474565b8114610494575f5ffd5b50565b5f813590506104a581610481565b92915050565b5f602082840312156104c0576104bf610470565b5b5f6104cd84828501610497565b91505092915050565b5f60ff82169050919050565b6104eb816104d6565b81146104f5575f5ffd5b50565b5f81359050610506816104e2565b92915050565b5f8115159050919050565b6105208161050c565b811461052a575f5ffd5b50565b5f8135905061053b81610517565b92915050565b5f73ffffffffffffffffffffffffffffffffffffffff82169050919050565b5f61056a82610541565b9050919050565b61057a81610560565b8114610584575f5ffd5b50565b5f8135905061059581610571565b92915050565b5f5f5f5f608085870312156105b3576105b2610470565b5b5f6105c0878288016104f8565b94505060206105d1878288016104f8565b93505060406105e28782880161052d565b92505060606105f387828801610587565b91505092959194509250565b610608816104d6565b82525050565b6106178161050c565b82525050565b61062681610560565b82525050565b5f60808201905061063f5f8301876105ff565b61064c60208301866105ff565b610659604083018561060e565b610666606083018461061d565b95945050505050565b5f819050919050565b6106818161066f565b82525050565b5f60208201905061069a5f830184610678565b92915050565b6106a98161066f565b81146106b3575f5ffd5b50565b5f813590506106c4816106a0565b92915050565b5f602082840312156106df576106de610470565b5b5f6106ec848285016106b6565b91505092915050565b5f63ffffffff82169050919050565b61070d816106f5565b8114610717575f5ffd5b50565b5f8135905061072881610704565b92915050565b5f819050919050565b6107408161072e565b811461074a575f5ffd5b50565b5f8135905061075b81610737565b92915050565b5f5f5f5f5f60a0868803121561077a57610779610470565b5b5f610787888289016104f8565b9550506020610798888289016104f8565b94505060406107a988828901610497565b93505060606107ba8882890161071a565b92505060806107cb8882890161074d565b9150509295509295909350565b6107e181610474565b82525050565b6107f0816106f5565b82525050565b5f67ffffffffffffffff82169050919050565b610812816107f6565b82525050565b5f60608201905061082b5f8301866107d8565b61083860208301856107e7565b6108456040830184610809565b949350505050565b5f6020828403121561086257610861610470565b5b5f61086f8482850161074d565b91505092915050565b5f6020828403121561088d5761088c610470565b5b5f61089a848285016104f8565b91505092915050565b6108ac816107f6565b81146108b6575f5ffd5b50565b5f813590506108c7816108a3565b92915050565b5f5f5f606084860312156108e4576108e3610470565b5b5f6108f186828701610497565b93505060206109028682870161071a565b9250506040610913868287016108b9565b9150509250925092565b6109268161072e565b82525050565b5f60208201905061093f5f83018461091d565b9291505056fe0000000000000000000000000000000000000000000000000000000000000000000000000000000000000000000000000000000000",
      "modified": false,
    },
    "nonce": {
      "current": 0,
      "modified": false,
    },
    "storage": {
      "flag": {
        "kind": "primitive",
        "name": "flag",
        "trace": [
          {
            "current": {
              "decoded": false,
              "hex": "0x00",
            },
            "fullExpression": "flag",
            "modified": true,
            "next": {
              "decoded": true,
              "hex": "0x01",
            },
            "path": [],
            "slots": [
              "0x0000000000000000000000000000000000000000000000000000000000000000",
            ],
          },
        ],
        "type": "bool",
      },
      "smallValue1": {
        "kind": "primitive",
        "name": "smallValue1",
        "trace": [
          {
            "current": {
              "decoded": 0,
              "hex": "0x00",
            },
            "fullExpression": "smallValue1",
            "modified": true,
            "next": {
              "decoded": 42,
              "hex": "0x2a",
            },
            "path": [],
            "slots": [
              "0x0000000000000000000000000000000000000000000000000000000000000000",
            ],
          },
        ],
        "type": "uint8",
      },
      "smallValue2": {
        "kind": "primitive",
        "name": "smallValue2",
        "trace": [
          {
            "current": {
              "decoded": 0,
              "hex": "0x00",
            },
            "fullExpression": "smallValue2",
            "modified": true,
            "next": {
              "decoded": 123,
              "hex": "0x7b",
            },
            "path": [],
            "slots": [
              "0x0000000000000000000000000000000000000000000000000000000000000000",
            ],
          },
        ],
        "type": "uint8",
      },
      "someAddress": {
        "kind": "primitive",
        "name": "someAddress",
        "trace": [
          {
            "current": {
              "decoded": "0x0000000000000000000000000000000000000000",
              "hex": "0x00",
            },
            "fullExpression": "someAddress",
            "modified": true,
            "next": {
              "decoded": "0x0000000000000000000000000000000000000001",
              "hex": "0x0000000000000000000000000000000000000001",
            },
            "path": [],
            "slots": [
              "0x0000000000000000000000000000000000000000000000000000000000000000",
            ],
          },
        ],
        "type": "address",
      },
    },
    "txHash": "0x9cbddc51a5e5b001d817bfa10aaf35e948caf395173c86c32d63217284c72efb",
  },
]
`;

exports[`Watching a contract > should be able to watch an EOA for state changes 1`] = `
[
  {
    "balance": {
      "current": 10000000000000000000n,
      "modified": true,
      "next": 10000000000000000100n,
    },
    "code": {
      "current": "0x",
      "modified": false,
    },
    "nonce": {
      "current": 0,
      "modified": false,
    },
    "storage": {},
    "txHash": "0xd6c89428e3dda7c1a4c419050436ad8e7d3641d62a066a9386b8d7eb59d64993",
  },
]
`;
